---
source: compiler-core/src/fsharp/tests/strings.rs
expression: "\npub fn go(x) {\n  case x {\n    \"Hello, \" <> name if name == \"Dude\" -> name\n    _ -> \"Unknown\"\n  }\n}\n"
---
module rec my.``mod``
#nowarn "25" // Incomplete pattern matches on this expression.

let go (x: string) = begin
    match x with
    | Gleam_codegen_string_parts "Hello, " (_, name) when name = "Dude" ->
        name
    | _ ->
        "Unknown"
end
