---
source: compiler-core/src/fsharp/tests/case_clause_guards.rs
expression: "pub fn go(x, y) {\n  case x {\n    _ if !y -> 0\n    _ -> 1\n  }\n}\n"
---
module rec my.``mod``

let go (x: 'u8) (y: bool) = begin
    match x with
    | _ when not y ->
        0L
    | _ ->
        1L
end
