---
source: compiler-core/src/fsharp/tests/strings.rs
assertion_line: 128
expression: "\npub fn go(x, y) {\n  x <> y\n}\n"
---
module rec my.``mod``
let go(x: string) (y: string): string = begin
    x + y
end
