---
source: compiler-core/src/fsharp/tests/strings.rs
expression: "\nconst cs = s\n\nfn s() {\n  \"s\"\n}\n\npub fn go() {\n  cs() <> cs()\n}\n"
---
module rec my.``mod``
let private s () = begin
    "s"
end
let private cs = s
let go () = begin
    cs() + cs()
end
