---
source: compiler-core/src/fsharp/tests/functions.rs
assertion_line: 54
expression: "\nfn go() {\n  use a <- something\n  a + 1\n}\nfn something(cba) { cba(1) }\n"
---
module rec my.``mod``
let private something (cba: int -> 'u12) = begin
    cba (1)
end
let private go () = begin
    something (fun(a: int) -> begin a + 1 end)
end
