---
source: compiler-core/src/fsharp/tests/custom_types.rs
expression: "\ntype Mine {\n    This\n    ThatOneIsAMuchMuchMuchMuchMuchMuchMuchMuchMuchMuchMuchMuchLongerVariant\n}\n\nconst this = This\nconst that = ThatOneIsAMuchMuchMuchMuchMuchMuchMuchMuchMuchMuchMuchMuchLongerVariant\n"
---
module rec my.``mod``

type private Mine =
| ThatOneIsAMuchMuchMuchMuchMuchMuchMuchMuchMuchMuchMuchMuchLongerVariant
| This
    
let private this = This
let private that = ThatOneIsAMuchMuchMuchMuchMuchMuchMuchMuchMuchMuchMuchMuchLongerVariant
