---
source: compiler-core/src/fsharp/tests/strings.rs
expression: "\npub fn y_with_dieresis_with_slash() -> String {\n  \"\\\\\\u{0308}y\"\n}\n"
---
module rec my.``mod``

let y_with_dieresis_with_slash (): string = begin
    "\\\u0308y"
end
