---
source: compiler-core/src/fsharp/tests/variables.rs
assertion_line: 33
expression: "\npub fn main(x) {\n  fn(x) { x }(x)\n}\n"
---
module rec my.``mod``
let main (x: 'u10): 'u10 = begin
    (fun(x: 'u10) -> x ) (x)
end
