---
source: compiler-core/src/fsharp/tests/variables.rs
assertion_line: 114
expression: "\npub fn main() {\n  let a = 3\n}\n"
---
module rec my.``mod``
let main (): int = begin
    let a = 3
    a
end
