---
source: compiler-core/src/fsharp/tests/numbers.rs
expression: "\npub fn foo() {\n  let i = 100_000\n  let f = 100_000.00101\n  f\n}\n"
---
module rec my.``mod``
let foo (): float = begin
    let i = 100_000
    let f = 100_000.00101
    f
end
