---
source: compiler-core/src/fsharp/tests/case_clause_guards.rs
expression: "pub fn go(xs) -> Int {\n  case xs {\n    [1] | [1, 2] -> 0\n    _ -> 1\n  }\n}\n"
---
module rec my.``mod``
let go (xs: list<int64>) = begin
    match xs with
    | [1L] | [1L; 2L] ->
        0L
    | _ ->
        1L
end
