---
source: compiler-core/src/fsharp/tests/external_fn.rs
expression: "\n@external(fsharp, \"FSharp.MyApp\", \"run\")\npub fn run() -> Int\n\npub fn foo() -> Int {\n    run()\n}\n"
---
module rec my.``mod``
let run (): int = FSharp.MyApp.run ()
let foo (): int = begin
    run()
end
