---
source: compiler-core/src/fsharp/tests/results.rs
expression: "import gleam.{Ok as Thing}\npub fn go() { Thing }"
---
module rec my.``mod``
let Thing = gleam.Ok
let go () = begin
    Thing
end
