---
source: compiler-core/src/fsharp/tests/results.rs
expression: "import gleam\npub fn go() { gleam.Error(1) }"
---
module rec my.``mod``


let go () = begin
    gleam.Error(1L)
end
